// Jest Snapshot v1, https://goo.gl/fbAQLP

exports[`components/actionEditor renders correctly 1`] = `
<div
  style={
    Object {
      "backgroundColor": "#f5f5f5",
    }
  }
>
  <div
    style={
      Object {
        "backgroundColor": "#eee",
        "display": "table",
        "marginBottom": "16px",
        "width": "100%",
      }
    }
  >
    <div
      style={
        Object {
          "borderRight": "1px solid #ddd",
          "display": "table-cell",
        }
      }
    >
      <div
        style={
          Object {
            "display": "inline-block",
          }
        }
      >
        <i
          className="material-icons"
          onClick={[Function]}
          onKeyUp={[Function]}
          role="button"
          tabIndex="0"
        >
          text_fields
        </i>
      </div>
      <div
        style={
          Object {
            "display": "inline-block",
          }
        }
      >
        <i
          className="material-icons"
          onClick={[Function]}
          onKeyUp={[Function]}
          role="button"
          tabIndex="0"
        >
          all_out
        </i>
      </div>
      <div
        style={
          Object {
            "display": "inline-block",
          }
        }
      >
        <i
          className="material-icons"
          onClick={[Function]}
          onKeyUp={[Function]}
          role="button"
          tabIndex="0"
        >
          assignment
        </i>
      </div>
      <span>
        <div
          style={
            Object {
              "display": "inline-block",
            }
          }
        >
          <i
            className="material-icons"
            onClick={[Function]}
            onKeyUp={[Function]}
            role="button"
            tabIndex="0"
          >
            code
          </i>
        </div>
        <div
          style={
            Object {
              "display": "inline-block",
            }
          }
        >
          <i
            className="material-icons"
            onClick={[Function]}
            onKeyUp={[Function]}
            role="button"
            tabIndex="0"
          >
            keyboard_return
          </i>
        </div>
        <div
          style={
            Object {
              "display": "inline-block",
            }
          }
        >
          <i
            className="material-icons"
            onClick={[Function]}
            onKeyUp={[Function]}
            role="button"
            tabIndex="0"
          >
            insert_link
          </i>
        </div>
      </span>
    </div>
    <div
      style={
        Object {
          "borderRight": "1px solid #ddd",
          "display": "table-cell",
        }
      }
    >
      <div
        style={
          Object {
            "display": "inline-block",
          }
        }
      >
        <i
          className="material-icons"
          disabled={true}
          onClick={[Function]}
          onKeyUp={[Function]}
          role="button"
          tabIndex="0"
        >
          delete
        </i>
      </div>
    </div>
  </div>
  <div
    aria-label={null}
    className="contenteditable"
    id="ae_content"
    onBlur={[Function]}
    onFocus={[Function]}
    onInput={[Function]}
    onKeyDown={[Function]}
    onKeyPress={[Function]}
    onMouseUp={[Function]}
    onTouchEnd={[Function]}
    spellCheck={false}
    tabIndex={0}
  >
    <span>
      <span
        className={undefined}
        data="text"
        id="ae_0"
        style={
          Object {
            "display": "inline-block",
            "padding": "0 4px",
          }
        }
        tabIndex={1}
      >
        some content
      </span>
    </span>
  </div>
</div>
`;
