// Jest Snapshot v1, https://goo.gl/fbAQLP

exports[`components/actionsList renders correctly 1`] = `
<div
  className="mrb-sublist"
>
  <div
    className="mrb-subheader"
  >
    <i
      className="mrb-subheader-right material-icons"
      disabled={false}
      onClick={[Function]}
      onKeyUp={[Function]}
      role="button"
      tabIndex="0"
    >
      keyboard_arrow_up
    </i>
    <div />
  </div>
  <div
    style={
      Object {
        "display": "block",
      }
    }
  >
    <ul
      className="mdc-list"
    />
    <li
      className="selectableListItem onFocusAction mdl-list_action mdc-list-item"
      onClick={[Function]}
      onKeyPress={[Function]}
      role="menuitem"
      style={
        Object {
          "color": "rgb(213, 0, 0)",
          "padding": "0px 16px",
        }
      }
    >
      <i
        aria-hidden="true"
        className="mdc-list-item__graphic material-icons"
      >
        chat_bubble_outline
      </i>
      <div
        aria-label="Add an output response"
        className="contenteditable"
        id="ae_content"
        onBlur={[Function]}
        onFocus={[Function]}
        onInput={[Function]}
        onKeyDown={[Function]}
        onKeyPress={[Function]}
        onMouseUp={[Function]}
        onTouchEnd={[Function]}
        spellCheck={false}
        tabIndex={0}
      >
        <span />
      </div>
    </li>
  </div>
</div>
`;
